// Jest Snapshot v1, https://goo.gl/fbAQLP

exports[`SampleStuff should render correctly 1`] = `
<button
  onClick={[Function]}
  style={
    Object {
      "cursor": "pointer",
    }
  }
>
  FooBar
</button>
`;
